
ARGS = []
Elevated mode: false
Controller initialized, appConfig = com.project.system_log_analyzer.config.appConfig@1156ebe3
Application logs export : true
LoadingBarFXController::initialize
exported injected - exporting logs from backend
Export successful: C:\Users\jakub\IdeaProjects\System Log Analyzer\logs\exported\exported\Application_20251123_154710.csv
Logs list exported
FileLoggerService: logsDir not set yet — skipping log.
Exception in thread "JavaFX Application Thread" java.lang.NullPointerException: Cannot invoke "java.io.File.length()" because "this.logFile" is null
	at com.project.system_log_analyzer.core.FileLoggerService.rotateLogsIfNeeded(FileLoggerService.java:192)
	at com.project.system_log_analyzer.core.FileLoggerService.saveParsedLogs(FileLoggerService.java:299)
	at com.project.system_log_analyzer.controller.MainWindowFXController.setData(MainWindowFXController.java:104)
	at com.project.system_log_analyzer.controller.LoadingBarFXController.lambda$initialize$0(LoadingBarFXController.java:79)
	at javafx.base@25-ea/com.sun.javafx.event.CompositeEventHandler.dispatchBubblingEvent(CompositeEventHandler.java:86)
	at javafx.base@25-ea/com.sun.javafx.event.EventHandlerManager.dispatchBubblingEvent(EventHandlerManager.java:232)
	at javafx.base@25-ea/com.sun.javafx.event.EventHandlerManager.dispatchBubblingEvent(EventHandlerManager.java:189)
	at javafx.base@25-ea/com.sun.javafx.event.BasicEventDispatcher.dispatchEvent(BasicEventDispatcher.java:58)
	at javafx.base@25-ea/com.sun.javafx.event.EventDispatchChainImpl.dispatchEvent(EventDispatchChainImpl.java:114)
	at javafx.base@25-ea/com.sun.javafx.event.EventUtil.fireEventImpl(EventUtil.java:74)
	at javafx.base@25-ea/com.sun.javafx.event.EventUtil.fireEvent(EventUtil.java:54)
	at javafx.base@25-ea/javafx.event.Event.fireEvent(Event.java:199)
	at javafx.graphics@25-ea/javafx.concurrent.EventHelper.fireEvent(EventHelper.java:219)
	at javafx.graphics@25-ea/javafx.concurrent.Task.fireEvent(Task.java:1321)
	at javafx.graphics@25-ea/javafx.concurrent.Task.setState(Task.java:724)
	at javafx.graphics@25-ea/javafx.concurrent.Task$TaskCallable.lambda$call$1(Task.java:1399)
	at javafx.graphics@25-ea/com.sun.javafx.application.PlatformImpl.lambda$runLater$4(PlatformImpl.java:419)
	at javafx.graphics@25-ea/com.sun.glass.ui.InvokeLaterDispatcher$Future.run(InvokeLaterDispatcher.java:95)
	at javafx.graphics@25-ea/com.sun.glass.ui.win.WinApplication._runLoop(Native Method)
	at javafx.graphics@25-ea/com.sun.glass.ui.win.WinApplication.lambda$runLoop$0(WinApplication.java:168)
	at java.base/java.lang.Thread.run(Thread.java:1474)
NoLogs = true → temporary directory removed.
